PLANNING RUN — NOT BINDING

   n   dependence  rho_d  rho_L  MDE dp  MDE dd   power   disc  n_both  CIhw_th  CIhw_d*
----------------------------------------------------------------------------------------
  25  independent   0.00   0.00    0.30     3.0   0.855   21.0     8.5    0.137     1.63
  25          low   0.25   0.25    0.30     3.0   0.927   20.0     9.3    0.125     1.35
  25     moderate   0.50   0.50    0.25     2.5   0.920   18.1     9.4    0.124     1.14
  25         high   0.75   0.75    0.20     2.0   0.955   16.0    10.2    0.112     0.81
  25  independent   0.00   0.00    0.30     3.0   0.925   22.5    11.7    0.131     1.39
  25          low   0.25   0.25    0.25     2.5   0.895   20.9    11.8    0.132     1.22
  25     moderate   0.50   0.50    0.20     2.0   0.848   19.0    11.8    0.132     1.03
  25         high   0.75   0.75    0.15     1.5   0.843   16.1    12.6    0.121     0.72
  30  independent   0.00   0.00    0.30     3.0   0.910   25.0     9.9    0.126     1.52
  30          low   0.25   0.25    0.25     2.5   0.838   23.0    10.4    0.126     1.32
  30     moderate   0.50   0.50    0.20     2.0   0.838   20.5    11.3    0.120     1.04
  30         high   0.75   0.75    0.15     1.5   0.853   17.2    11.7    0.110     0.75
  30  independent   0.00   0.00    0.25     2.5   0.848   26.0    13.2    0.132     1.37
  30          low   0.25   0.25    0.25     2.5   0.945   24.9    14.0    0.122     1.13
  30     moderate   0.50   0.50    0.20     2.0   0.910   22.8    14.5    0.121     0.92
  30         high   0.75   0.75    0.15     1.5   0.927   19.4    15.0    0.111     0.67
  40  independent   0.00   0.00    0.25     2.5   0.868   32.1    12.5    0.117     1.37
  40          low   0.25   0.25    0.25     2.5   0.955   30.4    13.9    0.108     1.16
  40     moderate   0.50   0.50    0.20     2.0   0.920   27.2    15.0    0.105     0.93
  40         high   0.75   0.75    0.15     1.5   0.945   23.1    15.9    0.096     0.64
  40  independent   0.00   0.00    0.25     2.5   0.945   34.6    17.6    0.117     1.19
  40          low   0.25   0.25    0.20     2.0   0.885   32.0    17.8    0.116     1.01
  40     moderate   0.50   0.50    0.15     1.5   0.810   28.5    18.2    0.113     0.83
  40         high   0.75   0.75    0.15     1.5   0.985   25.8    20.0    0.098     0.58
  50  independent   0.00   0.00    0.25     2.5   0.943   40.1    16.1    0.105     1.24
  50          low   0.25   0.25    0.20     2.0   0.915   36.3    16.6    0.102     1.08
  50     moderate   0.50   0.50    0.15     1.5   0.830   32.1    17.3    0.098     0.84
  50         high   0.75   0.75    0.15     1.5   0.978   28.9    19.8    0.087     0.60
  50  independent   0.00   0.00    0.20     2.0   0.907   42.3    20.4    0.111     1.12
  50          low   0.25   0.25    0.20     2.0   0.963   40.0    22.4    0.104     0.93
  50     moderate   0.50   0.50    0.15     1.5   0.892   35.6    22.9    0.102     0.76
  50         high   0.75   0.75    0.10     1.0   0.828   29.8    24.1    0.094     0.53

CIhw_d* = CI half-width for the paired warning difference, detected-under-both only.
wrote results/power_sim_output.json  sha256(script) = 3a1bf33c604fb5b1
